AR writebyte behavioral C:/Users/lab/Downloads/projekt-master/projekt-master/v4/writeByte.vhd sub00/vhpl03 1431679315
EN testschema NULL D:/!OneDriveCloud/OneDrive/Studia/Sem_VI/UCISW_2/svn/trunk/v4/testSchema.vhf sub00/vhpl06 1428681982
AR tempread behavioral C:/Users/lab/Downloads/projekt-master/projekt-master/v4/tempRead.vhd sub00/vhpl09 1431679317
AR testschema behavioral D:/!OneDriveCloud/OneDrive/Studia/Sem_VI/UCISW_2/svn/trunk/v4/testSchema.vhf sub00/vhpl07 1428681983
AR modul behavioral C:/Users/lab/Downloads/projekt-master/projekt-master/v4/modul.vhd sub00/vhpl01 1431679311
EN readbyte NULL C:/Users/lab/Downloads/projekt-master/projekt-master/v4/readByte.vhd sub00/vhpl04 1431679312
EN tempread NULL C:/Users/lab/Downloads/projekt-master/projekt-master/v4/tempRead.vhd sub00/vhpl08 1431679316
EN modul NULL C:/Users/lab/Downloads/projekt-master/projekt-master/v4/modul.vhd sub00/vhpl00 1431679310
AR readbyte behavioral C:/Users/lab/Downloads/projekt-master/projekt-master/v4/readByte.vhd sub00/vhpl05 1431679313
EN writebyte NULL C:/Users/lab/Downloads/projekt-master/projekt-master/v4/writeByte.vhd sub00/vhpl02 1431679314
EN sequencetestschema NULL C:/Users/lab/Downloads/projekt-master/projekt-master/v4/sequenceTestSchema.vhf sub00/vhpl10 1431679318
AR sequencetestschema behavioral C:/Users/lab/Downloads/projekt-master/projekt-master/v4/sequenceTestSchema.vhf sub00/vhpl11 1431679319
