AR displaycontroler behavioral C:/XilinxPrj/~~projekt-master/projekt-master/v4/displayControler.vhd sub00/vhpl15 1432889913
AR writebyte behavioral C:/XilinxPrj/~~projekt-master/projekt-master/v4/writeByte.vhd sub00/vhpl03 1432889907
EN testschema NULL D:/!OneDriveCloud/OneDrive/Studia/Sem_VI/UCISW_2/svn/trunk/v4/testSchema.vhf sub00/vhpl06 1428681982
AR tempread behavioral C:/XilinxPrj/~~projekt-master/projekt-master/v4/tempRead.vhd sub00/vhpl09 1432889909
AR testschema behavioral D:/!OneDriveCloud/OneDrive/Studia/Sem_VI/UCISW_2/svn/trunk/v4/testSchema.vhf sub00/vhpl07 1428681983
AR modul behavioral C:/XilinxPrj/~~projekt-master/projekt-master/v4/modul.vhd sub00/vhpl01 1432889903
AR vga behavioral "C:/XilinxPrj/~~projekt-master/projekt-master/sparta lab3 15_01_2015/ucisw/VGA.vhd" sub00/vhpl17 1432889915
EN sequencetestschema_muser_sgfsfgsf NULL C:/XilinxPrj/~~projekt-master/projekt-master/v4/sgfsfgsf.vhf sub00/vhpl24 1432888298
EN readbyte NULL C:/XilinxPrj/~~projekt-master/projekt-master/v4/readByte.vhd sub00/vhpl04 1432889904
AR sgfsfgsf behavioral C:/XilinxPrj/~~projekt-master/projekt-master/v4/sgfsfgsf.vhf sub00/vhpl27 1432888301
EN tempread NULL C:/XilinxPrj/~~projekt-master/projekt-master/v4/tempRead.vhd sub00/vhpl08 1432889908
EN controler NULL C:/XilinxPrj/~~projekt-master/projekt-master/v4/controler.vhd sub00/vhpl12 1432889910
AR sequencetestschema_muser_temperaturesystem behavioral C:/XilinxPrj/~~projekt-master/projekt-master/v4/temperatureSystem.vhf sub00/vhpl21 1432889919
EN modul NULL C:/XilinxPrj/~~projekt-master/projekt-master/v4/modul.vhd sub00/vhpl00 1432889902
EN vga NULL "C:/XilinxPrj/~~projekt-master/projekt-master/sparta lab3 15_01_2015/ucisw/VGA.vhd" sub00/vhpl16 1432889914
AR sequencetestschema_muser_sgfsfgsf behavioral C:/XilinxPrj/~~projekt-master/projekt-master/v4/sgfsfgsf.vhf sub00/vhpl25 1432888299
EN memory NULL C:/XilinxPrj/~~projekt-master/projekt-master/v4/Memory.vhd sub00/vhpl18 1432889916
AR readbyte behavioral C:/XilinxPrj/~~projekt-master/projekt-master/v4/readByte.vhd sub00/vhpl05 1432889905
EN displaycontroler NULL C:/XilinxPrj/~~projekt-master/projekt-master/v4/displayControler.vhd sub00/vhpl14 1432889912
AR controler behavioral C:/XilinxPrj/~~projekt-master/projekt-master/v4/controler.vhd sub00/vhpl13 1432889911
AR memory behavioral C:/XilinxPrj/~~projekt-master/projekt-master/v4/Memory.vhd sub00/vhpl19 1432889917
EN temperaturesystem NULL C:/XilinxPrj/~~projekt-master/projekt-master/v4/temperatureSystem.vhf sub00/vhpl22 1432889920
EN writebyte NULL C:/XilinxPrj/~~projekt-master/projekt-master/v4/writeByte.vhd sub00/vhpl02 1432889906
EN sequencetestschema_muser_temperaturesystem NULL C:/XilinxPrj/~~projekt-master/projekt-master/v4/temperatureSystem.vhf sub00/vhpl20 1432889918
EN sequencetestschema NULL C:/XilinxPrj/~~projekt-master/projekt-master/v4/sequenceTestSchema.vhf sub00/vhpl10 1432889922
EN sgfsfgsf NULL C:/XilinxPrj/~~projekt-master/projekt-master/v4/sgfsfgsf.vhf sub00/vhpl26 1432888300
AR temperaturesystem behavioral C:/XilinxPrj/~~projekt-master/projekt-master/v4/temperatureSystem.vhf sub00/vhpl23 1432889921
AR sequencetestschema behavioral C:/XilinxPrj/~~projekt-master/projekt-master/v4/sequenceTestSchema.vhf sub00/vhpl11 1432889923
