AR displaycontroler behavioral C:/Users/admin/Downloads/1WIRETEMP/projekt-master/v5/displayControler.vhd sub00/vhpl13 1433260219
AR writebyte behavioral C:/Users/admin/Downloads/1WIRETEMP/projekt-master/v5/writeByte.vhd sub00/vhpl05 1433260231
MO asd NULL asd.vf vlg1C/asd.bin 1433258121
AR tempread behavioral C:/Users/admin/Downloads/1WIRETEMP/projekt-master/v5/tempRead.vhd sub00/vhpl07 1433260229
AR modul behavioral C:/Users/admin/Downloads/1WIRETEMP/projekt-master/v5/modul.vhd sub00/vhpl01 1433260225
MO sequenceTestSchema_MUSER_asd NULL asd.vf vlg34/sequence_test_schema___m_u_s_e_r__asd.bin 1433258121
AR vga behavioral C:/Users/admin/Downloads/1WIRETEMP/projekt-master/v5/VGA.vhd sub00/vhpl15 1433260223
MO sequenceTestSchema_MUSER_seq_controler NULL seq_controler.vf vlg34/sequence_test_schema___m_u_s_e_r__seq__controler.bin 1433259246
EN readbyte NULL C:/Users/admin/Downloads/1WIRETEMP/projekt-master/v5/readByte.vhd sub00/vhpl02 1433260226
EN tempread NULL C:/Users/admin/Downloads/1WIRETEMP/projekt-master/v5/tempRead.vhd sub00/vhpl06 1433260228
EN controler NULL C:/Users/admin/Downloads/1WIRETEMP/projekt-master/v5/controler.vhd sub00/vhpl10 1433260216
MO sequenceTestSchema NULL sequenceTestSchema.vf vlg66/sequence_test_schema.bin 1433260217
EN modul NULL C:/Users/admin/Downloads/1WIRETEMP/projekt-master/v5/modul.vhd sub00/vhpl00 1433260224
EN vga NULL C:/Users/admin/Downloads/1WIRETEMP/projekt-master/v5/VGA.vhd sub00/vhpl14 1433260222
MO temperatureSystem NULL temperatureSystem.vf vlg5B/temperature_system.bin 1433260217
EN memory NULL C:/Users/admin/Downloads/1WIRETEMP/projekt-master/v5/Memory.vhd sub00/vhpl08 1433260220
AR readbyte behavioral C:/Users/admin/Downloads/1WIRETEMP/projekt-master/v5/readByte.vhd sub00/vhpl03 1433260227
EN displaycontroler NULL C:/Users/admin/Downloads/1WIRETEMP/projekt-master/v5/displayControler.vhd sub00/vhpl12 1433260218
AR controler behavioral C:/Users/admin/Downloads/1WIRETEMP/projekt-master/v5/controler.vhd sub00/vhpl11 1433260217
AR memory behavioral C:/Users/admin/Downloads/1WIRETEMP/projekt-master/v5/Memory.vhd sub00/vhpl09 1433260221
MO sequenceTestSchema_MUSER_temperatureSystem NULL temperatureSystem.vf vlg33/sequence_test_schema___m_u_s_e_r__temperature_system.bin 1433260217
EN writebyte NULL C:/Users/admin/Downloads/1WIRETEMP/projekt-master/v5/writeByte.vhd sub00/vhpl04 1433260230
MO seq_controler NULL seq_controler.vf vlg5C/seq__controler.bin 1433259246
