V3 32
FL C:/Users/admin/Downloads/1WIRETEMP/projekt-master/v5/controler.vhd 2015/06/02.16:21:46 P.20131013
EN work/controler 1433260216 \
      FL C:/Users/admin/Downloads/1WIRETEMP/projekt-master/v5/controler.vhd \
      PB ieee/std_logic_1164 1381692176 PB ieee/NUMERIC_STD 1381692181 \
      PB ieee/std_logic_arith 1381692177 PB ieee/STD_LOGIC_UNSIGNED 1381692179
AR work/controler/Behavioral 1433260217 \
      FL C:/Users/admin/Downloads/1WIRETEMP/projekt-master/v5/controler.vhd \
      EN work/controler 1433260216
FL C:/Users/admin/Downloads/1WIRETEMP/projekt-master/v5/displayControler.vhd 2015/06/02.17:50:07 P.20131013
EN work/displayControler 1433260218 \
      FL C:/Users/admin/Downloads/1WIRETEMP/projekt-master/v5/displayControler.vhd \
      PB ieee/std_logic_1164 1381692176 PB ieee/NUMERIC_STD 1381692181 \
      PB ieee/std_logic_arith 1381692177 PB ieee/STD_LOGIC_UNSIGNED 1381692179
AR work/displayControler/Behavioral 1433260219 \
      FL C:/Users/admin/Downloads/1WIRETEMP/projekt-master/v5/displayControler.vhd \
      EN work/displayControler 1433260218
FL C:/Users/admin/Downloads/1WIRETEMP/projekt-master/v5/Memory.vhd 2015/06/02.16:21:44 P.20131013
EN work/Memory 1433260220 \
      FL C:/Users/admin/Downloads/1WIRETEMP/projekt-master/v5/Memory.vhd \
      PB ieee/std_logic_1164 1381692176 PB ieee/STD_LOGIC_UNSIGNED 1381692179 \
      PB ieee/NUMERIC_STD 1381692181 PB ieee/std_logic_arith 1381692177
AR work/Memory/Behavioral 1433260221 \
      FL C:/Users/admin/Downloads/1WIRETEMP/projekt-master/v5/Memory.vhd \
      EN work/Memory 1433260220
FL C:/Users/admin/Downloads/1WIRETEMP/projekt-master/v5/modul.vhd 2015/06/02.16:21:51 P.20131013
EN work/modul 1433260224 \
      FL C:/Users/admin/Downloads/1WIRETEMP/projekt-master/v5/modul.vhd \
      PB ieee/std_logic_1164 1381692176 PB ieee/NUMERIC_STD 1381692181 \
      PB ieee/STD_LOGIC_UNSIGNED 1381692179
AR work/modul/Behavioral 1433260225 \
      FL C:/Users/admin/Downloads/1WIRETEMP/projekt-master/v5/modul.vhd \
      EN work/modul 1433260224
FL C:/Users/admin/Downloads/1WIRETEMP/projekt-master/v5/readByte.vhd 2015/06/02.16:21:51 P.20131013
EN work/readByte 1433260226 \
      FL C:/Users/admin/Downloads/1WIRETEMP/projekt-master/v5/readByte.vhd \
      PB ieee/std_logic_1164 1381692176
AR work/readByte/Behavioral 1433260227 \
      FL C:/Users/admin/Downloads/1WIRETEMP/projekt-master/v5/readByte.vhd \
      EN work/readByte 1433260226
FL C:/Users/admin/Downloads/1WIRETEMP/projekt-master/v5/tempRead.vhd 2015/06/02.17:15:03 P.20131013
EN work/tempRead 1433260228 \
      FL C:/Users/admin/Downloads/1WIRETEMP/projekt-master/v5/tempRead.vhd \
      PB ieee/std_logic_1164 1381692176
AR work/tempRead/Behavioral 1433260229 \
      FL C:/Users/admin/Downloads/1WIRETEMP/projekt-master/v5/tempRead.vhd \
      EN work/tempRead 1433260228
FL C:/Users/admin/Downloads/1WIRETEMP/projekt-master/v5/VGA.vhd 2015/06/02.16:21:45 P.20131013
EN work/VGA 1433260222 \
      FL C:/Users/admin/Downloads/1WIRETEMP/projekt-master/v5/VGA.vhd \
      PB ieee/std_logic_1164 1381692176 PB ieee/NUMERIC_STD 1381692181 \
      PB ieee/std_logic_arith 1381692177 PB ieee/STD_LOGIC_UNSIGNED 1381692179
AR work/VGA/Behavioral 1433260223 \
      FL C:/Users/admin/Downloads/1WIRETEMP/projekt-master/v5/VGA.vhd EN work/VGA 1433260222
FL C:/Users/admin/Downloads/1WIRETEMP/projekt-master/v5/writeByte.vhd 2015/06/02.16:21:57 P.20131013
EN work/writeByte 1433260230 \
      FL C:/Users/admin/Downloads/1WIRETEMP/projekt-master/v5/writeByte.vhd \
      PB ieee/std_logic_1164 1381692176 PB ieee/NUMERIC_STD 1381692181 \
      PB ieee/STD_LOGIC_UNSIGNED 1381692179
AR work/writeByte/Behavioral 1433260231 \
      FL C:/Users/admin/Downloads/1WIRETEMP/projekt-master/v5/writeByte.vhd \
      EN work/writeByte 1433260230
FL D:/!OneDriveCloud/OneDrive/Studia/Sem_VI/UCISW_2/svn/trunk/v5/controler.vhd 2015/06/02.12:07:39 P.20131013
FL D:/!OneDriveCloud/OneDrive/Studia/Sem_VI/UCISW_2/svn/trunk/v5/displayControler.vhd 2015/06/02.12:21:16 P.20131013
FL D:/!OneDriveCloud/OneDrive/Studia/Sem_VI/UCISW_2/svn/trunk/v5/Memory.vhd 2015/06/02.11:49:06 P.20131013
FL D:/!OneDriveCloud/OneDrive/Studia/Sem_VI/UCISW_2/svn/trunk/v5/modul.vhd 2015/06/02.11:11:55 P.20131013
FL D:/!OneDriveCloud/OneDrive/Studia/Sem_VI/UCISW_2/svn/trunk/v5/readByte.vhd 2015/06/02.11:14:22 P.20131013
FL D:/!OneDriveCloud/OneDrive/Studia/Sem_VI/UCISW_2/svn/trunk/v5/tempRead.vhd 2015/06/02.11:20:35 P.20131013
FL D:/!OneDriveCloud/OneDrive/Studia/Sem_VI/UCISW_2/svn/trunk/v5/VGA.vhd 2015/06/02.12:23:52 P.20131013
FL D:/!OneDriveCloud/OneDrive/Studia/Sem_VI/UCISW_2/svn/trunk/v5/writeByte.vhd 2015/06/02.11:17:09 P.20131013
