AR displaycontroler behavioral D:/!OneDriveCloud/OneDrive/Studia/Sem_VI/UCISW_2/svn/trunk/v5/displayControler.vhd sub00/vhpl13 1433240484
EN displaycontroler NULL D:/!OneDriveCloud/OneDrive/Studia/Sem_VI/UCISW_2/svn/trunk/v5/displayControler.vhd sub00/vhpl12 1433240483
EN readbyte NULL D:/!OneDriveCloud/OneDrive/Studia/Sem_VI/UCISW_2/svn/trunk/v5/readByte.vhd sub00/vhpl02 1433237650
EN tempread NULL D:/!OneDriveCloud/OneDrive/Studia/Sem_VI/UCISW_2/svn/trunk/v5/tempRead.vhd sub00/vhpl06 1433237652
EN controler NULL D:/!OneDriveCloud/OneDrive/Studia/Sem_VI/UCISW_2/svn/trunk/v5/controler.vhd sub00/vhpl10 1433239666
AR controler behavioral D:/!OneDriveCloud/OneDrive/Studia/Sem_VI/UCISW_2/svn/trunk/v5/controler.vhd sub00/vhpl11 1433239667
EN modul NULL D:/!OneDriveCloud/OneDrive/Studia/Sem_VI/UCISW_2/svn/trunk/v5/modul.vhd sub00/vhpl00 1433237648
EN vga NULL D:/!OneDriveCloud/OneDrive/Studia/Sem_VI/UCISW_2/svn/trunk/v5/VGA.vhd sub00/vhpl14 1433240644
EN memory NULL D:/!OneDriveCloud/OneDrive/Studia/Sem_VI/UCISW_2/svn/trunk/v5/Memory.vhd sub00/vhpl08 1433238551
AR tempread behavioral D:/!OneDriveCloud/OneDrive/Studia/Sem_VI/UCISW_2/svn/trunk/v5/tempRead.vhd sub00/vhpl07 1433237653
AR writebyte behavioral D:/!OneDriveCloud/OneDrive/Studia/Sem_VI/UCISW_2/svn/trunk/v5/writeByte.vhd sub00/vhpl05 1433237655
AR vga behavioral D:/!OneDriveCloud/OneDrive/Studia/Sem_VI/UCISW_2/svn/trunk/v5/VGA.vhd sub00/vhpl15 1433240645
AR memory behavioral D:/!OneDriveCloud/OneDrive/Studia/Sem_VI/UCISW_2/svn/trunk/v5/Memory.vhd sub00/vhpl09 1433238552
AR readbyte behavioral D:/!OneDriveCloud/OneDrive/Studia/Sem_VI/UCISW_2/svn/trunk/v5/readByte.vhd sub00/vhpl03 1433237651
EN writebyte NULL D:/!OneDriveCloud/OneDrive/Studia/Sem_VI/UCISW_2/svn/trunk/v5/writeByte.vhd sub00/vhpl04 1433237654
MO sequenceTestSchema NULL sequenceTestSchema.vf vlg66/sequence_test_schema.bin 1433237648
AR modul behavioral D:/!OneDriveCloud/OneDrive/Studia/Sem_VI/UCISW_2/svn/trunk/v5/modul.vhd sub00/vhpl01 1433237649
