AR displaycontroler behavioral C:/XilinxPrj/~~projekt-master/projekt-master/v4/displayControler.vhd sub00/vhpl15 1432885683
AR writebyte behavioral C:/XilinxPrj/~~projekt-master/projekt-master/v4/writeByte.vhd sub00/vhpl03 1432888310
EN testschema NULL D:/!OneDriveCloud/OneDrive/Studia/Sem_VI/UCISW_2/svn/trunk/v4/testSchema.vhf sub00/vhpl06 1428681982
AR tempread behavioral C:/XilinxPrj/~~projekt-master/projekt-master/v4/tempRead.vhd sub00/vhpl09 1432888312
AR testschema behavioral D:/!OneDriveCloud/OneDrive/Studia/Sem_VI/UCISW_2/svn/trunk/v4/testSchema.vhf sub00/vhpl07 1428681983
AR modul behavioral C:/XilinxPrj/~~projekt-master/projekt-master/v4/modul.vhd sub00/vhpl01 1432888306
AR vga behavioral "C:/XilinxPrj/~~projekt-master/projekt-master/sparta lab3 15_01_2015/ucisw/VGA.vhd" sub00/vhpl17 1432885685
EN sequencetestschema_muser_sgfsfgsf NULL C:/XilinxPrj/~~projekt-master/projekt-master/v4/sgfsfgsf.vhf sub00/vhpl24 1432888298
EN readbyte NULL C:/XilinxPrj/~~projekt-master/projekt-master/v4/readByte.vhd sub00/vhpl04 1432888307
AR sgfsfgsf behavioral C:/XilinxPrj/~~projekt-master/projekt-master/v4/sgfsfgsf.vhf sub00/vhpl27 1432888301
EN tempread NULL C:/XilinxPrj/~~projekt-master/projekt-master/v4/tempRead.vhd sub00/vhpl08 1432888311
EN controler NULL C:/XilinxPrj/~~projekt-master/projekt-master/v4/controler.vhd sub00/vhpl12 1432885680
AR sequencetestschema_muser_temperaturesystem behavioral C:/XilinxPrj/~~projekt-master/projekt-master/v4/temperatureSystem.vhf sub00/vhpl21 1432885689
EN modul NULL C:/XilinxPrj/~~projekt-master/projekt-master/v4/modul.vhd sub00/vhpl00 1432888305
EN vga NULL "C:/XilinxPrj/~~projekt-master/projekt-master/sparta lab3 15_01_2015/ucisw/VGA.vhd" sub00/vhpl16 1432885684
AR sequencetestschema_muser_sgfsfgsf behavioral C:/XilinxPrj/~~projekt-master/projekt-master/v4/sgfsfgsf.vhf sub00/vhpl25 1432888299
EN memory NULL C:/XilinxPrj/~~projekt-master/projekt-master/v4/Memory.vhd sub00/vhpl18 1432885686
AR readbyte behavioral C:/XilinxPrj/~~projekt-master/projekt-master/v4/readByte.vhd sub00/vhpl05 1432888308
EN displaycontroler NULL C:/XilinxPrj/~~projekt-master/projekt-master/v4/displayControler.vhd sub00/vhpl14 1432885682
AR controler behavioral C:/XilinxPrj/~~projekt-master/projekt-master/v4/controler.vhd sub00/vhpl13 1432885681
AR memory behavioral C:/XilinxPrj/~~projekt-master/projekt-master/v4/Memory.vhd sub00/vhpl19 1432885687
EN temperaturesystem NULL C:/XilinxPrj/~~projekt-master/projekt-master/v4/temperatureSystem.vhf sub00/vhpl22 1432885690
EN writebyte NULL C:/XilinxPrj/~~projekt-master/projekt-master/v4/writeByte.vhd sub00/vhpl02 1432888309
EN sequencetestschema_muser_temperaturesystem NULL C:/XilinxPrj/~~projekt-master/projekt-master/v4/temperatureSystem.vhf sub00/vhpl20 1432885688
EN sequencetestschema NULL C:/XilinxPrj/~~projekt-master/projekt-master/v4/sequenceTestSchema.vhf sub00/vhpl10 1432888313
EN sgfsfgsf NULL C:/XilinxPrj/~~projekt-master/projekt-master/v4/sgfsfgsf.vhf sub00/vhpl26 1432888300
AR temperaturesystem behavioral C:/XilinxPrj/~~projekt-master/projekt-master/v4/temperatureSystem.vhf sub00/vhpl23 1432885691
AR sequencetestschema behavioral C:/XilinxPrj/~~projekt-master/projekt-master/v4/sequenceTestSchema.vhf sub00/vhpl11 1432888314
